// Jest Snapshot v1, https://goo.gl/fbAQLP

exports[`Main Component Test works 1`] = `<Main />`;
